// Jest Snapshot v1, https://goo.gl/fbAQLP

exports[`Counter Component Debe mostrarse correctamente 1`] = `
<h2>Counter</h2>
<p>11 <sup>2</sup> = 121</p><button>-1</button><button>+1</button>
`;
